Component: Arm Compiler for Embedded 6.19 Tool: armlink [5e73cb00]

==============================================================================

Section Cross References

    gpio.o(.text.GPIO_Set_PortDirection) refers to gpio.o(.text.GPIO_Set_Bus_Type) for GPIO_Set_Bus_Type
    gpio.o(.text.GPIO_Set_PortDirection) refers to gpio.o(.text.GPIO_Enable_Clock) for GPIO_Enable_Clock
    gpio.o(.ARM.exidx.text.GPIO_Set_PortDirection) refers to gpio.o(.text.GPIO_Set_PortDirection) for [Anonymous Symbol]
    gpio.o(.ARM.exidx.text.GPIO_Set_Bus_Type) refers to gpio.o(.text.GPIO_Set_Bus_Type) for [Anonymous Symbol]
    gpio.o(.ARM.exidx.text.GPIO_Enable_Clock) refers to gpio.o(.text.GPIO_Enable_Clock) for [Anonymous Symbol]
    gpio.o(.ARM.exidx.text.GPIO_SetPortValue) refers to gpio.o(.text.GPIO_SetPortValue) for [Anonymous Symbol]
    gpio.o(.ARM.exidx.text.GPIO_EnDioPort) refers to gpio.o(.text.GPIO_EnDioPort) for [Anonymous Symbol]
    gpio.o(.ARM.exidx.text.GPIO_SetPortCurrent) refers to gpio.o(.text.GPIO_SetPortCurrent) for [Anonymous Symbol]
    gpio.o(.ARM.exidx.text.GPIO_SetPortResistance) refers to gpio.o(.text.GPIO_SetPortResistance) for [Anonymous Symbol]
    gpio.o(.text.GPIO_InitPort) refers to gpio.o(.text.GPIO_Set_PortDirection) for GPIO_Set_PortDirection
    gpio.o(.text.GPIO_InitPort) refers to gpio.o(.text.GPIO_SetPortCurrent) for GPIO_SetPortCurrent
    gpio.o(.text.GPIO_InitPort) refers to gpio.o(.text.GPIO_SetPortResistance) for GPIO_SetPortResistance
    gpio.o(.text.GPIO_InitPort) refers to gpio.o(.text.GPIO_EnDioPort) for GPIO_EnDioPort
    gpio.o(.ARM.exidx.text.GPIO_InitPort) refers to gpio.o(.text.GPIO_InitPort) for [Anonymous Symbol]
    gpio.o(.ARM.exidx.text.GPIO_EnablePortInterrupt) refers to gpio.o(.text.GPIO_EnablePortInterrupt) for [Anonymous Symbol]
    gpio.o(.text.GPIO_SetPinDirection) refers to gpio.o(.text.GPIO_Set_Bus_Type) for GPIO_Set_Bus_Type
    gpio.o(.text.GPIO_SetPinDirection) refers to gpio.o(.text.GPIO_Enable_Clock) for GPIO_Enable_Clock
    gpio.o(.ARM.exidx.text.GPIO_SetPinDirection) refers to gpio.o(.text.GPIO_SetPinDirection) for [Anonymous Symbol]
    gpio.o(.ARM.exidx.text.GPIO_SetPinValue) refers to gpio.o(.text.GPIO_SetPinValue) for [Anonymous Symbol]
    gpio.o(.text.GPIO_GetPinValue) refers to gpio.o(.bss.GPIO_GetPinValue.PinValue) for GPIO_GetPinValue.PinValue
    gpio.o(.ARM.exidx.text.GPIO_GetPinValue) refers to gpio.o(.text.GPIO_GetPinValue) for [Anonymous Symbol]
    gpio.o(.ARM.exidx.text.GPIO_SetPinResistance) refers to gpio.o(.text.GPIO_SetPinResistance) for [Anonymous Symbol]
    gpio.o(.ARM.exidx.text.GPIO_SetPinCurrent) refers to gpio.o(.text.GPIO_SetPinCurrent) for [Anonymous Symbol]
    gpio.o(.ARM.exidx.text.GPIO_EnDioPin) refers to gpio.o(.text.GPIO_EnDioPin) for [Anonymous Symbol]
    gpio.o(.text.GPIO_InitPin) refers to gpio.o(.text.GPIO_SetPinDirection) for GPIO_SetPinDirection
    gpio.o(.text.GPIO_InitPin) refers to gpio.o(.text.GPIO_SetPinCurrent) for GPIO_SetPinCurrent
    gpio.o(.text.GPIO_InitPin) refers to gpio.o(.text.GPIO_SetPinResistance) for GPIO_SetPinResistance
    gpio.o(.text.GPIO_InitPin) refers to gpio.o(.text.GPIO_EnDioPin) for GPIO_EnDioPin
    gpio.o(.ARM.exidx.text.GPIO_InitPin) refers to gpio.o(.text.GPIO_InitPin) for [Anonymous Symbol]
    gpio.o(.ARM.exidx.text.GPIO_EnablePinInterrupt) refers to gpio.o(.text.GPIO_EnablePinInterrupt) for [Anonymous Symbol]
    gpio.o(.text.GPIO_PORTF_SetCallBack) refers to gpio.o(.bss.GPIO_POINTER_CALLBACK_PORTF) for GPIO_POINTER_CALLBACK_PORTF
    gpio.o(.ARM.exidx.text.GPIO_PORTF_SetCallBack) refers to gpio.o(.text.GPIO_PORTF_SetCallBack) for [Anonymous Symbol]
    gpio.o(.text.GPIOF_Handler) refers to gpio.o(.bss.GPIO_POINTER_CALLBACK_PORTF) for GPIO_POINTER_CALLBACK_PORTF
    gpio.o(.ARM.exidx.text.GPIOF_Handler) refers to gpio.o(.text.GPIOF_Handler) for [Anonymous Symbol]
    gpt.o(.ARM.exidx.text.GPT_SetClcRunMode) refers to gpt.o(.text.GPT_SetClcRunMode) for [Anonymous Symbol]
    gpt.o(.ARM.exidx.text.GPT_Init) refers to gpt.o(.text.GPT_Init) for [Anonymous Symbol]
    gpt.o(.text.GPT_timer1_SetCallBack) refers to gpt.o(.bss.GPT_POINTER_CALLBACK_T1) for GPT_POINTER_CALLBACK_T1
    gpt.o(.ARM.exidx.text.GPT_timer1_SetCallBack) refers to gpt.o(.text.GPT_timer1_SetCallBack) for [Anonymous Symbol]
    gpt.o(.text.GPT_timer0_SetCallBack) refers to gpt.o(.bss.GPT_POINTER_CALLBACK_T0) for GPT_POINTER_CALLBACK_T0
    gpt.o(.ARM.exidx.text.GPT_timer0_SetCallBack) refers to gpt.o(.text.GPT_timer0_SetCallBack) for [Anonymous Symbol]
    gpt.o(.text.TIMER1A_Handler) refers to gpt.o(.bss.GPT_POINTER_CALLBACK_T1) for GPT_POINTER_CALLBACK_T1
    gpt.o(.ARM.exidx.text.TIMER1A_Handler) refers to gpt.o(.text.TIMER1A_Handler) for [Anonymous Symbol]
    gpt.o(.text.TIMER0A_Handler) refers to gpt.o(.bss.GPT_POINTER_CALLBACK_T0) for GPT_POINTER_CALLBACK_T0
    gpt.o(.ARM.exidx.text.TIMER0A_Handler) refers to gpt.o(.text.TIMER0A_Handler) for [Anonymous Symbol]
    intctrl.o(.text.IntCtrl_Init) refers to intctrl.o(.text.SetPriorityGroup) for SetPriorityGroup
    intctrl.o(.text.IntCtrl_Init) refers to intctrl.o(.text.IntCtrl_SetPriority) for IntCtrl_SetPriority
    intctrl.o(.text.IntCtrl_Init) refers to intctrl.o(.text.IntCtrl_EnableInterrupt) for IntCtrl_EnableInterrupt
    intctrl.o(.ARM.exidx.text.IntCtrl_Init) refers to intctrl.o(.text.IntCtrl_Init) for [Anonymous Symbol]
    intctrl.o(.ARM.exidx.text.SetPriorityGroup) refers to intctrl.o(.text.SetPriorityGroup) for [Anonymous Symbol]
    intctrl.o(.ARM.exidx.text.IntCtrl_SetPriority) refers to intctrl.o(.text.IntCtrl_SetPriority) for [Anonymous Symbol]
    intctrl.o(.ARM.exidx.text.IntCtrl_EnableInterrupt) refers to intctrl.o(.text.IntCtrl_EnableInterrupt) for [Anonymous Symbol]
    project_led.o(.text.main) refers to gpio.o(.text.GPIO_InitPin) for GPIO_InitPin
    project_led.o(.text.main) refers to led_program.o(.text.LED_INIT) for LED_INIT
    project_led.o(.text.main) refers to intctrl.o(.text.IntCtrl_Init) for IntCtrl_Init
    project_led.o(.text.main) refers to gpio.o(.text.GPIO_EnablePinInterrupt) for GPIO_EnablePinInterrupt
    project_led.o(.text.main) refers to project_led.o(.text.SWITCHFunc) for SWITCHFunc
    project_led.o(.text.main) refers to gpio.o(.text.GPIO_PORTF_SetCallBack) for GPIO_PORTF_SetCallBack
    project_led.o(.text.main) refers to project_led.o(.text.LED_OFF_FUNC) for LED_OFF_FUNC
    project_led.o(.text.main) refers to gpt.o(.text.GPT_timer1_SetCallBack) for GPT_timer1_SetCallBack
    project_led.o(.text.main) refers to project_led.o(.text.LED_ON_FUNC) for LED_ON_FUNC
    project_led.o(.text.main) refers to gpt.o(.text.GPT_timer0_SetCallBack) for GPT_timer0_SetCallBack
    project_led.o(.text.main) refers to switch.o(.text.GET_SWITCH) for GET_SWITCH
    project_led.o(.text.main) refers to project_led.o(.bss.DesiredOnTime) for DesiredOnTime
    project_led.o(.text.main) refers to gpt.o(.text.GPT_Init) for GPT_Init
    project_led.o(.text.main) refers to project_led.o(.bss.DesiredOffTime) for DesiredOffTime
    project_led.o(.ARM.exidx.text.main) refers to project_led.o(.text.main) for [Anonymous Symbol]
    project_led.o(.text.SWITCHFunc) refers to project_led.o(.bss.SWITCHFunc.switch_triger) for SWITCHFunc.switch_triger
    project_led.o(.text.SWITCHFunc) refers to project_led.o(.bss.DesiredOnTime) for DesiredOnTime
    project_led.o(.text.SWITCHFunc) refers to switch.o(.text.GET_SWITCH) for GET_SWITCH
    project_led.o(.text.SWITCHFunc) refers to project_led.o(.bss.DesiredOffTime) for DesiredOffTime
    project_led.o(.ARM.exidx.text.SWITCHFunc) refers to project_led.o(.text.SWITCHFunc) for [Anonymous Symbol]
    project_led.o(.text.LED_OFF_FUNC) refers to led_program.o(.text.LED_ON) for LED_ON
    project_led.o(.ARM.exidx.text.LED_OFF_FUNC) refers to project_led.o(.text.LED_OFF_FUNC) for [Anonymous Symbol]
    project_led.o(.text.LED_ON_FUNC) refers to led_program.o(.text.LED_OFF) for LED_OFF
    project_led.o(.ARM.exidx.text.LED_ON_FUNC) refers to project_led.o(.text.LED_ON_FUNC) for [Anonymous Symbol]
    led_program.o(.text.LED_INIT) refers to gpio.o(.text.GPIO_InitPin) for GPIO_InitPin
    led_program.o(.ARM.exidx.text.LED_INIT) refers to led_program.o(.text.LED_INIT) for [Anonymous Symbol]
    led_program.o(.text.LED_ON) refers to led_program.o(.text.LED_INIT) for LED_INIT
    led_program.o(.text.LED_ON) refers to gpio.o(.text.GPIO_SetPinValue) for GPIO_SetPinValue
    led_program.o(.ARM.exidx.text.LED_ON) refers to led_program.o(.text.LED_ON) for [Anonymous Symbol]
    led_program.o(.text.LED_OFF) refers to gpio.o(.text.GPIO_SetPinValue) for GPIO_SetPinValue
    led_program.o(.ARM.exidx.text.LED_OFF) refers to led_program.o(.text.LED_OFF) for [Anonymous Symbol]
    led_program.o(.text.LED_Toggle) refers to led_program.o(.text.LED_ON) for LED_ON
    led_program.o(.text.LED_Toggle) refers to led_program.o(.text.LED_OFF) for LED_OFF
    led_program.o(.ARM.exidx.text.LED_Toggle) refers to led_program.o(.text.LED_Toggle) for [Anonymous Symbol]
    switch.o(.text.GET_SWITCH) refers to gpio.o(.text.GPIO_SetPinDirection) for GPIO_SetPinDirection
    switch.o(.text.GET_SWITCH) refers to gpio.o(.text.GPIO_SetPinResistance) for GPIO_SetPinResistance
    switch.o(.text.GET_SWITCH) refers to gpio.o(.text.GPIO_GetPinValue) for GPIO_GetPinValue
    switch.o(.text.GET_SWITCH) refers to switch.o(.bss.GET_SWITCH.SwitchValue) for GET_SWITCH.SwitchValue
    switch.o(.ARM.exidx.text.GET_SWITCH) refers to switch.o(.text.GET_SWITCH) for [Anonymous Symbol]
    startup_tm4c123.o(STACK) refers (Special) to heapauxi.o(.text) for __use_two_region_memory
    startup_tm4c123.o(HEAP) refers (Special) to heapauxi.o(.text) for __use_two_region_memory
    startup_tm4c123.o(RESET) refers (Special) to heapauxi.o(.text) for __use_two_region_memory
    startup_tm4c123.o(RESET) refers to startup_tm4c123.o(STACK) for __initial_sp
    startup_tm4c123.o(RESET) refers to startup_tm4c123.o(.text) for Reset_Handler
    startup_tm4c123.o(RESET) refers to gpt.o(.text.TIMER0A_Handler) for TIMER0A_Handler
    startup_tm4c123.o(RESET) refers to gpt.o(.text.TIMER1A_Handler) for TIMER1A_Handler
    startup_tm4c123.o(RESET) refers to gpio.o(.text.GPIOF_Handler) for GPIOF_Handler
    startup_tm4c123.o(.text) refers (Special) to heapauxi.o(.text) for __use_two_region_memory
    startup_tm4c123.o(.text) refers to system_tm4c123.o(.text.SystemInit) for SystemInit
    startup_tm4c123.o(.text) refers to __main.o(!!!main) for __main
    startup_tm4c123.o(.text) refers to startup_tm4c123.o(HEAP) for Heap_Mem
    startup_tm4c123.o(.text) refers to startup_tm4c123.o(STACK) for Stack_Mem
    system_tm4c123.o(.text.SystemCoreClockUpdate) refers to system_tm4c123.o(.text.getOscClk) for getOscClk
    system_tm4c123.o(.text.SystemCoreClockUpdate) refers to system_tm4c123.o(.data.SystemCoreClock) for SystemCoreClock
    system_tm4c123.o(.ARM.exidx.text.SystemCoreClockUpdate) refers to system_tm4c123.o(.text.SystemCoreClockUpdate) for [Anonymous Symbol]
    system_tm4c123.o(.ARM.exidx.text.getOscClk) refers to system_tm4c123.o(.text.getOscClk) for [Anonymous Symbol]
    system_tm4c123.o(.ARM.exidx.text.SystemInit) refers to system_tm4c123.o(.text.SystemInit) for [Anonymous Symbol]
    __main.o(!!!main) refers to __rtentry.o(.ARM.Collect$$rtentry$$00000000) for __rt_entry
    __rtentry.o(.ARM.Collect$$rtentry$$00000000) refers (Special) to __rtentry2.o(.ARM.Collect$$rtentry$$0000000A) for __rt_entry_li
    __rtentry.o(.ARM.Collect$$rtentry$$00000000) refers (Special) to __rtentry2.o(.ARM.Collect$$rtentry$$0000000D) for __rt_entry_main
    __rtentry.o(.ARM.Collect$$rtentry$$00000000) refers (Special) to __rtentry2.o(.ARM.Collect$$rtentry$$0000000C) for __rt_entry_postli_1
    __rtentry.o(.ARM.Collect$$rtentry$$00000000) refers (Special) to __rtentry2.o(.ARM.Collect$$rtentry$$00000009) for __rt_entry_postsh_1
    __rtentry.o(.ARM.Collect$$rtentry$$00000000) refers (Special) to __rtentry2.o(.ARM.Collect$$rtentry$$00000002) for __rt_entry_presh_1
    __rtentry.o(.ARM.Collect$$rtentry$$00000000) refers (Special) to __rtentry4.o(.ARM.Collect$$rtentry$$00000004) for __rt_entry_sh
    __rtentry2.o(.ARM.Collect$$rtentry$$00000008) refers to boardinit2.o(.text) for _platform_post_stackheap_init
    __rtentry2.o(.ARM.Collect$$rtentry$$0000000A) refers to libinit.o(.ARM.Collect$$libinit$$00000000) for __rt_lib_init
    __rtentry2.o(.ARM.Collect$$rtentry$$0000000B) refers to boardinit3.o(.text) for _platform_post_lib_init
    __rtentry2.o(.ARM.Collect$$rtentry$$0000000D) refers to project_led.o(.text.main) for main
    __rtentry2.o(.ARM.Collect$$rtentry$$0000000D) refers to exit.o(.text) for exit
    __rtentry2.o(.ARM.exidx) refers to __rtentry2.o(.ARM.Collect$$rtentry$$00000001) for .ARM.Collect$$rtentry$$00000001
    __rtentry2.o(.ARM.exidx) refers to __rtentry2.o(.ARM.Collect$$rtentry$$00000008) for .ARM.Collect$$rtentry$$00000008
    __rtentry2.o(.ARM.exidx) refers to __rtentry2.o(.ARM.Collect$$rtentry$$0000000A) for .ARM.Collect$$rtentry$$0000000A
    __rtentry2.o(.ARM.exidx) refers to __rtentry2.o(.ARM.Collect$$rtentry$$0000000B) for .ARM.Collect$$rtentry$$0000000B
    __rtentry2.o(.ARM.exidx) refers to __rtentry2.o(.ARM.Collect$$rtentry$$0000000D) for .ARM.Collect$$rtentry$$0000000D
    __rtentry4.o(.ARM.Collect$$rtentry$$00000004) refers to sys_stackheap_outer.o(.text) for __user_setup_stackheap
    __rtentry4.o(.ARM.exidx) refers to __rtentry4.o(.ARM.Collect$$rtentry$$00000004) for .ARM.Collect$$rtentry$$00000004
    sys_stackheap_outer.o(.text) refers to libspace.o(.text) for __user_perproc_libspace
    sys_stackheap_outer.o(.text) refers to startup_tm4c123.o(.text) for __user_initial_stackheap
    exit.o(.text) refers to rtexit.o(.ARM.Collect$$rtexit$$00000000) for __rt_exit
    libinit.o(.ARM.Collect$$libinit$$00000000) refers (Special) to libinit2.o(.ARM.Collect$$libinit$$00000030) for __rt_lib_init_alloca_1
    libinit.o(.ARM.Collect$$libinit$$00000000) refers (Special) to libinit2.o(.ARM.Collect$$libinit$$0000002E) for __rt_lib_init_argv_1
    libinit.o(.ARM.Collect$$libinit$$00000000) refers (Special) to libinit2.o(.ARM.Collect$$libinit$$0000001D) for __rt_lib_init_atexit_1
    libinit.o(.ARM.Collect$$libinit$$00000000) refers (Special) to libinit2.o(.ARM.Collect$$libinit$$00000023) for __rt_lib_init_clock_1
    libinit.o(.ARM.Collect$$libinit$$00000000) refers (Special) to libinit2.o(.ARM.Collect$$libinit$$00000034) for __rt_lib_init_cpp_1
    libinit.o(.ARM.Collect$$libinit$$00000000) refers (Special) to libinit2.o(.ARM.Collect$$libinit$$00000032) for __rt_lib_init_exceptions_1
    libinit.o(.ARM.Collect$$libinit$$00000000) refers (Special) to libinit2.o(.ARM.Collect$$libinit$$00000001) for __rt_lib_init_fp_1
    libinit.o(.ARM.Collect$$libinit$$00000000) refers (Special) to libinit2.o(.ARM.Collect$$libinit$$00000021) for __rt_lib_init_fp_trap_1
    libinit.o(.ARM.Collect$$libinit$$00000000) refers (Special) to libinit2.o(.ARM.Collect$$libinit$$00000025) for __rt_lib_init_getenv_1
    libinit.o(.ARM.Collect$$libinit$$00000000) refers (Special) to libinit2.o(.ARM.Collect$$libinit$$0000000C) for __rt_lib_init_heap_1
    libinit.o(.ARM.Collect$$libinit$$00000000) refers (Special) to libinit2.o(.ARM.Collect$$libinit$$00000013) for __rt_lib_init_lc_collate_1
    libinit.o(.ARM.Collect$$libinit$$00000000) refers (Special) to libinit2.o(.ARM.Collect$$libinit$$00000015) for __rt_lib_init_lc_ctype_1
    libinit.o(.ARM.Collect$$libinit$$00000000) refers (Special) to libinit2.o(.ARM.Collect$$libinit$$00000017) for __rt_lib_init_lc_monetary_1
    libinit.o(.ARM.Collect$$libinit$$00000000) refers (Special) to libinit2.o(.ARM.Collect$$libinit$$00000019) for __rt_lib_init_lc_numeric_1
    libinit.o(.ARM.Collect$$libinit$$00000000) refers (Special) to libinit2.o(.ARM.Collect$$libinit$$0000001B) for __rt_lib_init_lc_time_1
    libinit.o(.ARM.Collect$$libinit$$00000000) refers (Special) to libinit2.o(.ARM.Collect$$libinit$$00000006) for __rt_lib_init_preinit_1
    libinit.o(.ARM.Collect$$libinit$$00000000) refers (Special) to libinit2.o(.ARM.Collect$$libinit$$00000010) for __rt_lib_init_rand_1
    libinit.o(.ARM.Collect$$libinit$$00000000) refers (Special) to libinit2.o(.ARM.Collect$$libinit$$00000004) for __rt_lib_init_relocate_pie_1
    libinit.o(.ARM.Collect$$libinit$$00000000) refers (Special) to libinit2.o(.ARM.Collect$$libinit$$00000035) for __rt_lib_init_return
    libinit.o(.ARM.Collect$$libinit$$00000000) refers (Special) to libinit2.o(.ARM.Collect$$libinit$$0000001F) for __rt_lib_init_signal_1
    libinit.o(.ARM.Collect$$libinit$$00000000) refers (Special) to libinit2.o(.ARM.Collect$$libinit$$00000027) for __rt_lib_init_stdio_1
    libinit.o(.ARM.Collect$$libinit$$00000000) refers (Special) to libinit2.o(.ARM.Collect$$libinit$$0000000E) for __rt_lib_init_user_alloc_1
    libspace.o(.text) refers to libspace.o(.bss) for __libspace_start
    rtexit.o(.ARM.Collect$$rtexit$$00000000) refers (Special) to rtexit2.o(.ARM.Collect$$rtexit$$00000004) for __rt_exit_exit
    rtexit.o(.ARM.Collect$$rtexit$$00000000) refers (Special) to rtexit2.o(.ARM.Collect$$rtexit$$00000003) for __rt_exit_ls
    rtexit.o(.ARM.Collect$$rtexit$$00000000) refers (Special) to rtexit2.o(.ARM.Collect$$rtexit$$00000002) for __rt_exit_prels_1
    rtexit.o(.ARM.exidx) refers (Special) to rtexit2.o(.ARM.Collect$$rtexit$$00000004) for __rt_exit_exit
    rtexit.o(.ARM.exidx) refers (Special) to rtexit2.o(.ARM.Collect$$rtexit$$00000003) for __rt_exit_ls
    rtexit.o(.ARM.exidx) refers (Special) to rtexit2.o(.ARM.Collect$$rtexit$$00000002) for __rt_exit_prels_1
    rtexit.o(.ARM.exidx) refers to rtexit.o(.ARM.Collect$$rtexit$$00000000) for .ARM.Collect$$rtexit$$00000000
    libinit2.o(.ARM.Collect$$libinit$$00000001) refers to fpinit.o(x$fpl$fpinit) for _fp_init
    libinit2.o(.ARM.Collect$$libinit$$00000012) refers to libinit2.o(.ARM.Collect$$libinit$$00000011) for .ARM.Collect$$libinit$$00000011
    libinit2.o(.ARM.Collect$$libinit$$00000014) refers to libinit2.o(.ARM.Collect$$libinit$$00000011) for .ARM.Collect$$libinit$$00000011
    libinit2.o(.ARM.Collect$$libinit$$00000016) refers to libinit2.o(.ARM.Collect$$libinit$$00000011) for .ARM.Collect$$libinit$$00000011
    libinit2.o(.ARM.Collect$$libinit$$00000018) refers to libinit2.o(.ARM.Collect$$libinit$$00000011) for .ARM.Collect$$libinit$$00000011
    libinit2.o(.ARM.Collect$$libinit$$0000001A) refers to libinit2.o(.ARM.Collect$$libinit$$00000011) for .ARM.Collect$$libinit$$00000011
    libinit2.o(.ARM.Collect$$libinit$$00000028) refers to argv_veneer.o(.emb_text) for __ARM_argv_veneer
    libinit2.o(.ARM.Collect$$libinit$$00000029) refers to argv_veneer.o(.emb_text) for __ARM_argv_veneer
    rtexit2.o(.ARM.Collect$$rtexit$$00000003) refers to libshutdown.o(.ARM.Collect$$libshutdown$$00000000) for __rt_lib_shutdown
    rtexit2.o(.ARM.Collect$$rtexit$$00000004) refers to sys_exit.o(.text) for _sys_exit
    rtexit2.o(.ARM.exidx) refers to rtexit2.o(.ARM.Collect$$rtexit$$00000001) for .ARM.Collect$$rtexit$$00000001
    rtexit2.o(.ARM.exidx) refers to rtexit2.o(.ARM.Collect$$rtexit$$00000003) for .ARM.Collect$$rtexit$$00000003
    rtexit2.o(.ARM.exidx) refers to rtexit2.o(.ARM.Collect$$rtexit$$00000004) for .ARM.Collect$$rtexit$$00000004
    argv_veneer.o(.emb_text) refers to no_argv.o(.text) for __ARM_get_argv
    sys_exit.o(.text) refers (Special) to use_no_semi.o(.text) for __I$use$semihosting
    sys_exit.o(.text) refers (Special) to indicate_semi.o(.text) for __semihosting_library_function
    sys_exit_hlt.o(.text) refers (Special) to use_no_semi.o(.text) for __I$use$semihosting
    sys_exit_hlt.o(.text) refers (Special) to indicate_semi.o(.text) for __semihosting_library_function
    _get_argv_nomalloc.o(.text) refers (Special) to hrguard.o(.text) for __heap_region$guard
    _get_argv_nomalloc.o(.text) refers to defsig_rtmem_outer.o(.text) for __rt_SIGRTMEM
    _get_argv_nomalloc.o(.text) refers to sys_command.o(.text) for _sys_command_string
    libshutdown.o(.ARM.Collect$$libshutdown$$00000000) refers (Special) to libshutdown2.o(.ARM.Collect$$libshutdown$$00000002) for __rt_lib_shutdown_cpp_1
    libshutdown.o(.ARM.Collect$$libshutdown$$00000000) refers (Special) to libshutdown2.o(.ARM.Collect$$libshutdown$$00000007) for __rt_lib_shutdown_fp_trap_1
    libshutdown.o(.ARM.Collect$$libshutdown$$00000000) refers (Special) to libshutdown2.o(.ARM.Collect$$libshutdown$$0000000F) for __rt_lib_shutdown_heap_1
    libshutdown.o(.ARM.Collect$$libshutdown$$00000000) refers (Special) to libshutdown2.o(.ARM.Collect$$libshutdown$$00000010) for __rt_lib_shutdown_return
    libshutdown.o(.ARM.Collect$$libshutdown$$00000000) refers (Special) to libshutdown2.o(.ARM.Collect$$libshutdown$$0000000A) for __rt_lib_shutdown_signal_1
    libshutdown.o(.ARM.Collect$$libshutdown$$00000000) refers (Special) to libshutdown2.o(.ARM.Collect$$libshutdown$$00000004) for __rt_lib_shutdown_stdio_1
    libshutdown.o(.ARM.Collect$$libshutdown$$00000000) refers (Special) to libshutdown2.o(.ARM.Collect$$libshutdown$$0000000C) for __rt_lib_shutdown_user_alloc_1
    sys_command.o(.text) refers (Special) to use_no_semi.o(.text) for __I$use$semihosting
    sys_command.o(.text) refers (Special) to indicate_semi.o(.text) for __semihosting_library_function
    sys_command_hlt.o(.text) refers (Special) to use_no_semi.o(.text) for __I$use$semihosting
    sys_command_hlt.o(.text) refers (Special) to indicate_semi.o(.text) for __semihosting_library_function
    defsig_rtmem_outer.o(.text) refers to defsig_rtmem_inner.o(.text) for __rt_SIGRTMEM_inner
    defsig_rtmem_outer.o(.text) refers to defsig_exit.o(.text) for __sig_exit
    defsig_rtmem_formal.o(.text) refers to rt_raise.o(.text) for __rt_raise
    rt_raise.o(.text) refers to __raise.o(.text) for __raise
    rt_raise.o(.text) refers to sys_exit.o(.text) for _sys_exit
    defsig_exit.o(.text) refers to sys_exit.o(.text) for _sys_exit
    defsig_rtmem_inner.o(.text) refers to defsig_general.o(.text) for __default_signal_display
    __raise.o(.text) refers to defsig.o(CL$$defsig) for __default_signal_handler
    defsig_general.o(.text) refers to sys_wrch.o(.text) for _ttywrch
    sys_wrch.o(.text) refers (Special) to use_no_semi.o(.text) for __I$use$semihosting
    sys_wrch.o(.text) refers (Special) to indicate_semi.o(.text) for __semihosting_library_function
    sys_wrch_hlt.o(.text) refers (Special) to use_no_semi.o(.text) for __I$use$semihosting
    sys_wrch_hlt.o(.text) refers (Special) to indicate_semi.o(.text) for __semihosting_library_function
    defsig.o(CL$$defsig) refers to defsig_rtmem_inner.o(.text) for __rt_SIGRTMEM_inner
    defsig_abrt_inner.o(.text) refers to defsig_general.o(.text) for __default_signal_display
    defsig_fpe_inner.o(.text) refers to defsig_general.o(.text) for __default_signal_display
    defsig_rtred_inner.o(.text) refers to defsig_general.o(.text) for __default_signal_display
    defsig_stak_inner.o(.text) refers to defsig_general.o(.text) for __default_signal_display
    defsig_pvfn_inner.o(.text) refers to defsig_general.o(.text) for __default_signal_display
    defsig_cppl_inner.o(.text) refers to defsig_general.o(.text) for __default_signal_display
    defsig_segv_inner.o(.text) refers to defsig_general.o(.text) for __default_signal_display
    defsig_other.o(.text) refers to defsig_general.o(.text) for __default_signal_display


==============================================================================

Removing Unused input sections from the image.

    Removing gpio_lcfg.o(.text), (0 bytes).
    Removing gpt_lcfg.o(.text), (0 bytes).
    Removing intctrl_lcfg.o(.text), (0 bytes).
    Removing gpio.o(.text), (0 bytes).
    Removing gpio.o(.text.GPIO_Set_PortDirection), (486 bytes).
    Removing gpio.o(.ARM.exidx.text.GPIO_Set_PortDirection), (8 bytes).
    Removing gpio.o(.ARM.exidx.text.GPIO_Set_Bus_Type), (8 bytes).
    Removing gpio.o(.ARM.exidx.text.GPIO_Enable_Clock), (8 bytes).
    Removing gpio.o(.text.GPIO_SetPortValue), (352 bytes).
    Removing gpio.o(.ARM.exidx.text.GPIO_SetPortValue), (8 bytes).
    Removing gpio.o(.text.GPIO_EnDioPort), (414 bytes).
    Removing gpio.o(.ARM.exidx.text.GPIO_EnDioPort), (8 bytes).
    Removing gpio.o(.text.GPIO_SetPortCurrent), (498 bytes).
    Removing gpio.o(.ARM.exidx.text.GPIO_SetPortCurrent), (8 bytes).
    Removing gpio.o(.text.GPIO_SetPortResistance), (342 bytes).
    Removing gpio.o(.ARM.exidx.text.GPIO_SetPortResistance), (8 bytes).
    Removing gpio.o(.text.GPIO_InitPort), (190 bytes).
    Removing gpio.o(.ARM.exidx.text.GPIO_InitPort), (8 bytes).
    Removing gpio.o(.text.GPIO_EnablePortInterrupt), (432 bytes).
    Removing gpio.o(.ARM.exidx.text.GPIO_EnablePortInterrupt), (8 bytes).
    Removing gpio.o(.ARM.exidx.text.GPIO_SetPinDirection), (8 bytes).
    Removing gpio.o(.ARM.exidx.text.GPIO_SetPinValue), (8 bytes).
    Removing gpio.o(.ARM.exidx.text.GPIO_GetPinValue), (8 bytes).
    Removing gpio.o(.ARM.exidx.text.GPIO_SetPinResistance), (8 bytes).
    Removing gpio.o(.ARM.exidx.text.GPIO_SetPinCurrent), (8 bytes).
    Removing gpio.o(.ARM.exidx.text.GPIO_EnDioPin), (8 bytes).
    Removing gpio.o(.ARM.exidx.text.GPIO_InitPin), (8 bytes).
    Removing gpio.o(.ARM.exidx.text.GPIO_EnablePinInterrupt), (8 bytes).
    Removing gpio.o(.ARM.exidx.text.GPIO_PORTF_SetCallBack), (8 bytes).
    Removing gpio.o(.ARM.exidx.text.GPIOF_Handler), (8 bytes).
    Removing gpt.o(.text), (0 bytes).
    Removing gpt.o(.text.GPT_SetClcRunMode), (986 bytes).
    Removing gpt.o(.ARM.exidx.text.GPT_SetClcRunMode), (8 bytes).
    Removing gpt.o(.ARM.exidx.text.GPT_Init), (8 bytes).
    Removing gpt.o(.ARM.exidx.text.GPT_timer1_SetCallBack), (8 bytes).
    Removing gpt.o(.ARM.exidx.text.GPT_timer0_SetCallBack), (8 bytes).
    Removing gpt.o(.ARM.exidx.text.TIMER1A_Handler), (8 bytes).
    Removing gpt.o(.ARM.exidx.text.TIMER0A_Handler), (8 bytes).
    Removing intctrl.o(.text), (0 bytes).
    Removing intctrl.o(.ARM.exidx.text.IntCtrl_Init), (8 bytes).
    Removing intctrl.o(.ARM.exidx.text.SetPriorityGroup), (8 bytes).
    Removing intctrl.o(.ARM.exidx.text.IntCtrl_SetPriority), (8 bytes).
    Removing intctrl.o(.ARM.exidx.text.IntCtrl_EnableInterrupt), (8 bytes).
    Removing project_led.o(.text), (0 bytes).
    Removing project_led.o(.ARM.exidx.text.main), (8 bytes).
    Removing project_led.o(.ARM.exidx.text.SWITCHFunc), (8 bytes).
    Removing project_led.o(.ARM.exidx.text.LED_OFF_FUNC), (8 bytes).
    Removing project_led.o(.ARM.exidx.text.LED_ON_FUNC), (8 bytes).
    Removing project_led.o(.ARM.use_no_argv), (4 bytes).
    Removing led_program.o(.text), (0 bytes).
    Removing led_program.o(.ARM.exidx.text.LED_INIT), (8 bytes).
    Removing led_program.o(.ARM.exidx.text.LED_ON), (8 bytes).
    Removing led_program.o(.ARM.exidx.text.LED_OFF), (8 bytes).
    Removing led_program.o(.text.LED_Toggle), (168 bytes).
    Removing led_program.o(.ARM.exidx.text.LED_Toggle), (8 bytes).
    Removing switch.o(.text), (0 bytes).
    Removing switch.o(.ARM.exidx.text.GET_SWITCH), (8 bytes).
    Removing system_tm4c123.o(.text), (0 bytes).
    Removing system_tm4c123.o(.text.SystemCoreClockUpdate), (326 bytes).
    Removing system_tm4c123.o(.ARM.exidx.text.SystemCoreClockUpdate), (8 bytes).
    Removing system_tm4c123.o(.text.getOscClk), (360 bytes).
    Removing system_tm4c123.o(.ARM.exidx.text.getOscClk), (8 bytes).
    Removing system_tm4c123.o(.ARM.exidx.text.SystemInit), (8 bytes).
    Removing system_tm4c123.o(.data.SystemCoreClock), (4 bytes).

64 unused section(s) (total 4890 bytes) removed from the image.

==============================================================================

Image Symbol Table

    Local Symbols

    Symbol Name                              Value     Ov Type        Size  Object(Section)

    ../clib/angel/boardlib.s                 0x00000000   Number         0  boardinit1.o ABSOLUTE
    ../clib/angel/boardlib.s                 0x00000000   Number         0  boardinit2.o ABSOLUTE
    ../clib/angel/boardlib.s                 0x00000000   Number         0  boardinit3.o ABSOLUTE
    ../clib/angel/boardlib.s                 0x00000000   Number         0  boardshut.o ABSOLUTE
    ../clib/angel/handlers.s                 0x00000000   Number         0  __scatter_zi.o ABSOLUTE
    ../clib/angel/kernel.s                   0x00000000   Number         0  __rtentry.o ABSOLUTE
    ../clib/angel/kernel.s                   0x00000000   Number         0  __rtentry2.o ABSOLUTE
    ../clib/angel/kernel.s                   0x00000000   Number         0  __rtentry4.o ABSOLUTE
    ../clib/angel/kernel.s                   0x00000000   Number         0  rtexit.o ABSOLUTE
    ../clib/angel/kernel.s                   0x00000000   Number         0  rtexit2.o ABSOLUTE
    ../clib/angel/rt.s                       0x00000000   Number         0  rt_raise.o ABSOLUTE
    ../clib/angel/scatter.s                  0x00000000   Number         0  __scatter.o ABSOLUTE
    ../clib/angel/startup.s                  0x00000000   Number         0  __main.o ABSOLUTE
    ../clib/angel/sys.s                      0x00000000   Number         0  sys_stackheap_outer.o ABSOLUTE
    ../clib/angel/sys.s                      0x00000000   Number         0  libspace.o ABSOLUTE
    ../clib/angel/sys.s                      0x00000000   Number         0  use_no_semi.o ABSOLUTE
    ../clib/angel/sys.s                      0x00000000   Number         0  indicate_semi.o ABSOLUTE
    ../clib/angel/sysapp.c                   0x00000000   Number         0  sys_exit.o ABSOLUTE
    ../clib/angel/sysapp.c                   0x00000000   Number         0  sys_exit_hlt.o ABSOLUTE
    ../clib/angel/sysapp.c                   0x00000000   Number         0  sys_command.o ABSOLUTE
    ../clib/angel/sysapp.c                   0x00000000   Number         0  sys_command_hlt.o ABSOLUTE
    ../clib/angel/sysapp.c                   0x00000000   Number         0  sys_wrch.o ABSOLUTE
    ../clib/angel/sysapp.c                   0x00000000   Number         0  sys_wrch_hlt.o ABSOLUTE
    ../clib/armsys.c                         0x00000000   Number         0  argv_veneer.o ABSOLUTE
    ../clib/armsys.c                         0x00000000   Number         0  argv_veneer.o ABSOLUTE
    ../clib/armsys.c                         0x00000000   Number         0  _get_argv_nomalloc.o ABSOLUTE
    ../clib/armsys.c                         0x00000000   Number         0  no_argv.o ABSOLUTE
    ../clib/heapalloc.c                      0x00000000   Number         0  hrguard.o ABSOLUTE
    ../clib/heapaux.c                        0x00000000   Number         0  heapauxi.o ABSOLUTE
    ../clib/libinit.s                        0x00000000   Number         0  libinit.o ABSOLUTE
    ../clib/libinit.s                        0x00000000   Number         0  libinit2.o ABSOLUTE
    ../clib/libinit.s                        0x00000000   Number         0  libshutdown.o ABSOLUTE
    ../clib/libinit.s                        0x00000000   Number         0  libshutdown2.o ABSOLUTE
    ../clib/signal.c                         0x00000000   Number         0  defsig_rtmem_outer.o ABSOLUTE
    ../clib/signal.c                         0x00000000   Number         0  defsig_rtmem_formal.o ABSOLUTE
    ../clib/signal.c                         0x00000000   Number         0  defsig_exit.o ABSOLUTE
    ../clib/signal.c                         0x00000000   Number         0  defsig_rtmem_inner.o ABSOLUTE
    ../clib/signal.c                         0x00000000   Number         0  __raise.o ABSOLUTE
    ../clib/signal.c                         0x00000000   Number         0  defsig_general.o ABSOLUTE
    ../clib/signal.c                         0x00000000   Number         0  defsig_abrt_inner.o ABSOLUTE
    ../clib/signal.c                         0x00000000   Number         0  defsig_fpe_inner.o ABSOLUTE
    ../clib/signal.c                         0x00000000   Number         0  defsig_rtred_inner.o ABSOLUTE
    ../clib/signal.c                         0x00000000   Number         0  defsig_stak_inner.o ABSOLUTE
    ../clib/signal.c                         0x00000000   Number         0  defsig_pvfn_inner.o ABSOLUTE
    ../clib/signal.c                         0x00000000   Number         0  defsig_cppl_inner.o ABSOLUTE
    ../clib/signal.c                         0x00000000   Number         0  defsig_segv_inner.o ABSOLUTE
    ../clib/signal.c                         0x00000000   Number         0  defsig_other.o ABSOLUTE
    ../clib/signal.s                         0x00000000   Number         0  defsig.o ABSOLUTE
    ../clib/stdlib.c                         0x00000000   Number         0  exit.o ABSOLUTE
    ../fplib/fpinit.s                        0x00000000   Number         0  fpinit.o ABSOLUTE
    GPIO.c                                   0x00000000   Number         0  gpio.o ABSOLUTE
    GPIO_Lcfg.c                              0x00000000   Number         0  gpio_lcfg.o ABSOLUTE
    GPT.c                                    0x00000000   Number         0  gpt.o ABSOLUTE
    GPT_Lcfg.c                               0x00000000   Number         0  gpt_lcfg.o ABSOLUTE
    IntCtrl.c                                0x00000000   Number         0  intctrl.o ABSOLUTE
    IntCtrl_Lcfg.c                           0x00000000   Number         0  intctrl_lcfg.o ABSOLUTE
    LED_PROGRAM.c                            0x00000000   Number         0  led_program.o ABSOLUTE
    Project_LED.c                            0x00000000   Number         0  project_led.o ABSOLUTE
    RTE/Device/TM4C123GH6PM/startup_TM4C123.s 0x00000000   Number         0  startup_tm4c123.o ABSOLUTE
    Switch.c                                 0x00000000   Number         0  switch.o ABSOLUTE
    dc.s                                     0x00000000   Number         0  dc.o ABSOLUTE
    system_TM4C123.c                         0x00000000   Number         0  system_tm4c123.o ABSOLUTE
    RESET                                    0x00000000   Section      620  startup_tm4c123.o(RESET)
    !!!main                                  0x0000026c   Section        8  __main.o(!!!main)
    !!!scatter                               0x00000274   Section       52  __scatter.o(!!!scatter)
    !!handler_zi                             0x000002a8   Section       28  __scatter_zi.o(!!handler_zi)
    .ARM.Collect$$libinit$$00000000          0x000002c4   Section        2  libinit.o(.ARM.Collect$$libinit$$00000000)
    .ARM.Collect$$libinit$$00000001          0x000002c6   Section        4  libinit2.o(.ARM.Collect$$libinit$$00000001)
    .ARM.Collect$$libinit$$00000004          0x000002ca   Section        0  libinit2.o(.ARM.Collect$$libinit$$00000004)
    .ARM.Collect$$libinit$$00000006          0x000002ca   Section        0  libinit2.o(.ARM.Collect$$libinit$$00000006)
    .ARM.Collect$$libinit$$0000000C          0x000002ca   Section        0  libinit2.o(.ARM.Collect$$libinit$$0000000C)
    .ARM.Collect$$libinit$$0000000E          0x000002ca   Section        0  libinit2.o(.ARM.Collect$$libinit$$0000000E)
    .ARM.Collect$$libinit$$00000010          0x000002ca   Section        0  libinit2.o(.ARM.Collect$$libinit$$00000010)
    .ARM.Collect$$libinit$$00000013          0x000002ca   Section        0  libinit2.o(.ARM.Collect$$libinit$$00000013)
    .ARM.Collect$$libinit$$00000015          0x000002ca   Section        0  libinit2.o(.ARM.Collect$$libinit$$00000015)
    .ARM.Collect$$libinit$$00000017          0x000002ca   Section        0  libinit2.o(.ARM.Collect$$libinit$$00000017)
    .ARM.Collect$$libinit$$00000019          0x000002ca   Section        0  libinit2.o(.ARM.Collect$$libinit$$00000019)
    .ARM.Collect$$libinit$$0000001B          0x000002ca   Section        0  libinit2.o(.ARM.Collect$$libinit$$0000001B)
    .ARM.Collect$$libinit$$0000001D          0x000002ca   Section        0  libinit2.o(.ARM.Collect$$libinit$$0000001D)
    .ARM.Collect$$libinit$$0000001F          0x000002ca   Section        0  libinit2.o(.ARM.Collect$$libinit$$0000001F)
    .ARM.Collect$$libinit$$00000021          0x000002ca   Section        0  libinit2.o(.ARM.Collect$$libinit$$00000021)
    .ARM.Collect$$libinit$$00000023          0x000002ca   Section        0  libinit2.o(.ARM.Collect$$libinit$$00000023)
    .ARM.Collect$$libinit$$00000025          0x000002ca   Section        0  libinit2.o(.ARM.Collect$$libinit$$00000025)
    .ARM.Collect$$libinit$$00000027          0x000002ca   Section        0  libinit2.o(.ARM.Collect$$libinit$$00000027)
    .ARM.Collect$$libinit$$0000002E          0x000002ca   Section        0  libinit2.o(.ARM.Collect$$libinit$$0000002E)
    .ARM.Collect$$libinit$$00000030          0x000002ca   Section        0  libinit2.o(.ARM.Collect$$libinit$$00000030)
    .ARM.Collect$$libinit$$00000032          0x000002ca   Section        0  libinit2.o(.ARM.Collect$$libinit$$00000032)
    .ARM.Collect$$libinit$$00000034          0x000002ca   Section        0  libinit2.o(.ARM.Collect$$libinit$$00000034)
    .ARM.Collect$$libinit$$00000035          0x000002ca   Section        2  libinit2.o(.ARM.Collect$$libinit$$00000035)
    .ARM.Collect$$libshutdown$$00000000      0x000002cc   Section        2  libshutdown.o(.ARM.Collect$$libshutdown$$00000000)
    .ARM.Collect$$libshutdown$$00000002      0x000002ce   Section        0  libshutdown2.o(.ARM.Collect$$libshutdown$$00000002)
    .ARM.Collect$$libshutdown$$00000004      0x000002ce   Section        0  libshutdown2.o(.ARM.Collect$$libshutdown$$00000004)
    .ARM.Collect$$libshutdown$$00000007      0x000002ce   Section        0  libshutdown2.o(.ARM.Collect$$libshutdown$$00000007)
    .ARM.Collect$$libshutdown$$0000000A      0x000002ce   Section        0  libshutdown2.o(.ARM.Collect$$libshutdown$$0000000A)
    .ARM.Collect$$libshutdown$$0000000C      0x000002ce   Section        0  libshutdown2.o(.ARM.Collect$$libshutdown$$0000000C)
    .ARM.Collect$$libshutdown$$0000000F      0x000002ce   Section        0  libshutdown2.o(.ARM.Collect$$libshutdown$$0000000F)
    .ARM.Collect$$libshutdown$$00000010      0x000002ce   Section        2  libshutdown2.o(.ARM.Collect$$libshutdown$$00000010)
    .ARM.Collect$$rtentry$$00000000          0x000002d0   Section        0  __rtentry.o(.ARM.Collect$$rtentry$$00000000)
    .ARM.Collect$$rtentry$$00000002          0x000002d0   Section        0  __rtentry2.o(.ARM.Collect$$rtentry$$00000002)
    .ARM.Collect$$rtentry$$00000004          0x000002d0   Section        6  __rtentry4.o(.ARM.Collect$$rtentry$$00000004)
    .ARM.Collect$$rtentry$$00000009          0x000002d6   Section        0  __rtentry2.o(.ARM.Collect$$rtentry$$00000009)
    .ARM.Collect$$rtentry$$0000000A          0x000002d6   Section        4  __rtentry2.o(.ARM.Collect$$rtentry$$0000000A)
    .ARM.Collect$$rtentry$$0000000C          0x000002da   Section        0  __rtentry2.o(.ARM.Collect$$rtentry$$0000000C)
    .ARM.Collect$$rtentry$$0000000D          0x000002da   Section        8  __rtentry2.o(.ARM.Collect$$rtentry$$0000000D)
    .ARM.Collect$$rtexit$$00000000           0x000002e2   Section        2  rtexit.o(.ARM.Collect$$rtexit$$00000000)
    .ARM.Collect$$rtexit$$00000002           0x000002e4   Section        0  rtexit2.o(.ARM.Collect$$rtexit$$00000002)
    .ARM.Collect$$rtexit$$00000003           0x000002e4   Section        4  rtexit2.o(.ARM.Collect$$rtexit$$00000003)
    .ARM.Collect$$rtexit$$00000004           0x000002e8   Section        6  rtexit2.o(.ARM.Collect$$rtexit$$00000004)
    $v0                                      0x000002f0   Number         0  startup_tm4c123.o(.text)
    .text                                    0x000002f0   Section      276  startup_tm4c123.o(.text)
    .text                                    0x00000404   Section        0  heapauxi.o(.text)
    .text                                    0x0000040a   Section       74  sys_stackheap_outer.o(.text)
    .text                                    0x00000454   Section        0  exit.o(.text)
    .text                                    0x00000468   Section        8  libspace.o(.text)
    .text                                    0x00000470   Section        0  sys_exit.o(.text)
    .text                                    0x0000047c   Section        2  use_no_semi.o(.text)
    .text                                    0x0000047e   Section        0  indicate_semi.o(.text)
    [Anonymous Symbol]                       0x00000480   Section        0  switch.o(.text.GET_SWITCH)
    [Anonymous Symbol]                       0x00000594   Section        0  gpio.o(.text.GPIOF_Handler)
    [Anonymous Symbol]                       0x000005b4   Section        0  gpio.o(.text.GPIO_EnDioPin)
    [Anonymous Symbol]                       0x000007a0   Section        0  gpio.o(.text.GPIO_EnablePinInterrupt)
    GPIO_Enable_Clock                        0x00000a7d   Thumb Code   144  gpio.o(.text.GPIO_Enable_Clock)
    [Anonymous Symbol]                       0x00000a7c   Section        0  gpio.o(.text.GPIO_Enable_Clock)
    [Anonymous Symbol]                       0x00000b0c   Section        0  gpio.o(.text.GPIO_GetPinValue)
    [Anonymous Symbol]                       0x00000be0   Section        0  gpio.o(.text.GPIO_InitPin)
    [Anonymous Symbol]                       0x00000cb8   Section        0  gpio.o(.text.GPIO_PORTF_SetCallBack)
    [Anonymous Symbol]                       0x00000ccc   Section        0  gpio.o(.text.GPIO_SetPinCurrent)
    [Anonymous Symbol]                       0x00000fa0   Section        0  gpio.o(.text.GPIO_SetPinDirection)
    [Anonymous Symbol]                       0x000011ec   Section        0  gpio.o(.text.GPIO_SetPinResistance)
    [Anonymous Symbol]                       0x000013d8   Section        0  gpio.o(.text.GPIO_SetPinValue)
    GPIO_Set_Bus_Type                        0x000015c5   Thumb Code   142  gpio.o(.text.GPIO_Set_Bus_Type)
    [Anonymous Symbol]                       0x000015c4   Section        0  gpio.o(.text.GPIO_Set_Bus_Type)
    [Anonymous Symbol]                       0x00001654   Section        0  gpt.o(.text.GPT_Init)
    [Anonymous Symbol]                       0x00001994   Section        0  gpt.o(.text.GPT_timer0_SetCallBack)
    [Anonymous Symbol]                       0x000019a8   Section        0  gpt.o(.text.GPT_timer1_SetCallBack)
    IntCtrl_EnableInterrupt                  0x000019bd   Thumb Code   398  intctrl.o(.text.IntCtrl_EnableInterrupt)
    [Anonymous Symbol]                       0x000019bc   Section        0  intctrl.o(.text.IntCtrl_EnableInterrupt)
    [Anonymous Symbol]                       0x00001b4c   Section        0  intctrl.o(.text.IntCtrl_Init)
    IntCtrl_SetPriority                      0x00001ba1   Thumb Code   372  intctrl.o(.text.IntCtrl_SetPriority)
    [Anonymous Symbol]                       0x00001ba0   Section        0  intctrl.o(.text.IntCtrl_SetPriority)
    [Anonymous Symbol]                       0x00001d14   Section        0  led_program.o(.text.LED_INIT)
    [Anonymous Symbol]                       0x00001d84   Section        0  led_program.o(.text.LED_OFF)
    LED_OFF_FUNC                             0x00001dd5   Thumb Code    10  project_led.o(.text.LED_OFF_FUNC)
    [Anonymous Symbol]                       0x00001dd4   Section        0  project_led.o(.text.LED_OFF_FUNC)
    [Anonymous Symbol]                       0x00001de0   Section        0  led_program.o(.text.LED_ON)
    LED_ON_FUNC                              0x00001e39   Thumb Code    10  project_led.o(.text.LED_ON_FUNC)
    [Anonymous Symbol]                       0x00001e38   Section        0  project_led.o(.text.LED_ON_FUNC)
    SWITCHFunc                               0x00001e45   Thumb Code   242  project_led.o(.text.SWITCHFunc)
    [Anonymous Symbol]                       0x00001e44   Section        0  project_led.o(.text.SWITCHFunc)
    SetPriorityGroup                         0x00001f39   Thumb Code    64  intctrl.o(.text.SetPriorityGroup)
    [Anonymous Symbol]                       0x00001f38   Section        0  intctrl.o(.text.SetPriorityGroup)
    [Anonymous Symbol]                       0x00001f78   Section        0  system_tm4c123.o(.text.SystemInit)
    [Anonymous Symbol]                       0x00001f8c   Section        0  gpt.o(.text.TIMER0A_Handler)
    [Anonymous Symbol]                       0x00001fbc   Section        0  gpt.o(.text.TIMER1A_Handler)
    [Anonymous Symbol]                       0x00001ff0   Section        0  project_led.o(.text.main)
    $v0                                      0x00002134   Number         0  fpinit.o(x$fpl$fpinit)
    x$fpl$fpinit                             0x00002134   Section       26  fpinit.o(x$fpl$fpinit)
    .bss                                     0x20000000   Section       96  libspace.o(.bss)
    DesiredOffTime                           0x20000060   Data           4  project_led.o(.bss.DesiredOffTime)
    [Anonymous Symbol]                       0x20000060   Section        0  project_led.o(.bss.DesiredOffTime)
    DesiredOnTime                            0x20000064   Data           4  project_led.o(.bss.DesiredOnTime)
    [Anonymous Symbol]                       0x20000064   Section        0  project_led.o(.bss.DesiredOnTime)
    GET_SWITCH.SwitchValue                   0x20000068   Data           1  switch.o(.bss.GET_SWITCH.SwitchValue)
    [Anonymous Symbol]                       0x20000068   Section        0  switch.o(.bss.GET_SWITCH.SwitchValue)
    GPIO_GetPinValue.PinValue                0x20000069   Data           1  gpio.o(.bss.GPIO_GetPinValue.PinValue)
    [Anonymous Symbol]                       0x20000069   Section        0  gpio.o(.bss.GPIO_GetPinValue.PinValue)
    GPT_POINTER_CALLBACK_T0                  0x20000070   Data           4  gpt.o(.bss.GPT_POINTER_CALLBACK_T0)
    [Anonymous Symbol]                       0x20000070   Section        0  gpt.o(.bss.GPT_POINTER_CALLBACK_T0)
    GPT_POINTER_CALLBACK_T1                  0x20000074   Data           4  gpt.o(.bss.GPT_POINTER_CALLBACK_T1)
    [Anonymous Symbol]                       0x20000074   Section        0  gpt.o(.bss.GPT_POINTER_CALLBACK_T1)
    SWITCHFunc.switch_triger                 0x20000078   Data           1  project_led.o(.bss.SWITCHFunc.switch_triger)
    [Anonymous Symbol]                       0x20000078   Section        0  project_led.o(.bss.SWITCHFunc.switch_triger)
    Heap_Mem                                 0x20000080   Data           0  startup_tm4c123.o(HEAP)
    Stack_Mem                                0x20000080   Data         512  startup_tm4c123.o(STACK)
    HEAP                                     0x20000080   Section        0  startup_tm4c123.o(HEAP)
    STACK                                    0x20000080   Section      512  startup_tm4c123.o(STACK)
    __initial_sp                             0x20000280   Data           0  startup_tm4c123.o(STACK)

    Global Symbols

    Symbol Name                              Value     Ov Type        Size  Object(Section)

    BuildAttributes$$THM_ISAv4$E$P$D$K$B$S$7EM$VFPi3$EXTD16$VFPS$VFMA$PE$A:L22UL41UL21$X:L11$S22US41US21$IEEE1$IW$~IW$USESV6$~STKCKD$USESV7$~SHL$OSPACE$ROPI$EBA8$UX$STANDARDLIB$REQ8$PRES8$EABIv2 0x00000000   Number         0  anon$$obj.o ABSOLUTE
    __Vectors                                0x00000000   Data           4  startup_tm4c123.o(RESET)
    __ARM_exceptions_init                     - Undefined Weak Reference
    __alloca_initialize                       - Undefined Weak Reference
    __arm_preinit_                            - Undefined Weak Reference
    __arm_relocate_pie_                       - Undefined Weak Reference
    __cpp_initialize__aeabi_                  - Undefined Weak Reference
    __cxa_finalize                            - Undefined Weak Reference
    __rt_locale                               - Undefined Weak Reference
    __sigvec_lookup                           - Undefined Weak Reference
    _atexit_init                              - Undefined Weak Reference
    _call_atexit_fns                          - Undefined Weak Reference
    _clock_init                               - Undefined Weak Reference
    _fp_trap_init                             - Undefined Weak Reference
    _fp_trap_shutdown                         - Undefined Weak Reference
    _get_lc_collate                           - Undefined Weak Reference
    _get_lc_ctype                             - Undefined Weak Reference
    _get_lc_monetary                          - Undefined Weak Reference
    _get_lc_numeric                           - Undefined Weak Reference
    _get_lc_time                              - Undefined Weak Reference
    _getenv_init                              - Undefined Weak Reference
    _handle_redirection                       - Undefined Weak Reference
    _init_alloc                               - Undefined Weak Reference
    _init_user_alloc                          - Undefined Weak Reference
    _initio                                   - Undefined Weak Reference
    _rand_init                                - Undefined Weak Reference
    _signal_finish                            - Undefined Weak Reference
    _signal_init                              - Undefined Weak Reference
    _terminate_alloc                          - Undefined Weak Reference
    _terminate_user_alloc                     - Undefined Weak Reference
    _terminateio                              - Undefined Weak Reference
    __Vectors_End                            0x0000026c   Data           0  startup_tm4c123.o(RESET)
    __Vectors_Size                           0x0000026c   Number         0  startup_tm4c123.o ABSOLUTE
    __main                                   0x0000026d   Thumb Code     8  __main.o(!!!main)
    __scatterload                            0x00000275   Thumb Code     0  __scatter.o(!!!scatter)
    __scatterload_rt2                        0x00000275   Thumb Code    44  __scatter.o(!!!scatter)
    __scatterload_rt2_thumb_only             0x00000275   Thumb Code     0  __scatter.o(!!!scatter)
    __scatterload_null                       0x00000283   Thumb Code     0  __scatter.o(!!!scatter)
    __scatterload_zeroinit                   0x000002a9   Thumb Code    28  __scatter_zi.o(!!handler_zi)
    __rt_lib_init                            0x000002c5   Thumb Code     0  libinit.o(.ARM.Collect$$libinit$$00000000)
    __rt_lib_init_fp_1                       0x000002c7   Thumb Code     0  libinit2.o(.ARM.Collect$$libinit$$00000001)
    __rt_lib_init_alloca_1                   0x000002cb   Thumb Code     0  libinit2.o(.ARM.Collect$$libinit$$00000030)
    __rt_lib_init_argv_1                     0x000002cb   Thumb Code     0  libinit2.o(.ARM.Collect$$libinit$$0000002E)
    __rt_lib_init_atexit_1                   0x000002cb   Thumb Code     0  libinit2.o(.ARM.Collect$$libinit$$0000001D)
    __rt_lib_init_clock_1                    0x000002cb   Thumb Code     0  libinit2.o(.ARM.Collect$$libinit$$00000023)
    __rt_lib_init_cpp_1                      0x000002cb   Thumb Code     0  libinit2.o(.ARM.Collect$$libinit$$00000034)
    __rt_lib_init_exceptions_1               0x000002cb   Thumb Code     0  libinit2.o(.ARM.Collect$$libinit$$00000032)
    __rt_lib_init_fp_trap_1                  0x000002cb   Thumb Code     0  libinit2.o(.ARM.Collect$$libinit$$00000021)
    __rt_lib_init_getenv_1                   0x000002cb   Thumb Code     0  libinit2.o(.ARM.Collect$$libinit$$00000025)
    __rt_lib_init_heap_1                     0x000002cb   Thumb Code     0  libinit2.o(.ARM.Collect$$libinit$$0000000C)
    __rt_lib_init_lc_collate_1               0x000002cb   Thumb Code     0  libinit2.o(.ARM.Collect$$libinit$$00000013)
    __rt_lib_init_lc_ctype_1                 0x000002cb   Thumb Code     0  libinit2.o(.ARM.Collect$$libinit$$00000015)
    __rt_lib_init_lc_monetary_1              0x000002cb   Thumb Code     0  libinit2.o(.ARM.Collect$$libinit$$00000017)
    __rt_lib_init_lc_numeric_1               0x000002cb   Thumb Code     0  libinit2.o(.ARM.Collect$$libinit$$00000019)
    __rt_lib_init_lc_time_1                  0x000002cb   Thumb Code     0  libinit2.o(.ARM.Collect$$libinit$$0000001B)
    __rt_lib_init_preinit_1                  0x000002cb   Thumb Code     0  libinit2.o(.ARM.Collect$$libinit$$00000006)
    __rt_lib_init_rand_1                     0x000002cb   Thumb Code     0  libinit2.o(.ARM.Collect$$libinit$$00000010)
    __rt_lib_init_relocate_pie_1             0x000002cb   Thumb Code     0  libinit2.o(.ARM.Collect$$libinit$$00000004)
    __rt_lib_init_return                     0x000002cb   Thumb Code     0  libinit2.o(.ARM.Collect$$libinit$$00000035)
    __rt_lib_init_signal_1                   0x000002cb   Thumb Code     0  libinit2.o(.ARM.Collect$$libinit$$0000001F)
    __rt_lib_init_stdio_1                    0x000002cb   Thumb Code     0  libinit2.o(.ARM.Collect$$libinit$$00000027)
    __rt_lib_init_user_alloc_1               0x000002cb   Thumb Code     0  libinit2.o(.ARM.Collect$$libinit$$0000000E)
    __rt_lib_shutdown                        0x000002cd   Thumb Code     0  libshutdown.o(.ARM.Collect$$libshutdown$$00000000)
    __rt_lib_shutdown_cpp_1                  0x000002cf   Thumb Code     0  libshutdown2.o(.ARM.Collect$$libshutdown$$00000002)
    __rt_lib_shutdown_fp_trap_1              0x000002cf   Thumb Code     0  libshutdown2.o(.ARM.Collect$$libshutdown$$00000007)
    __rt_lib_shutdown_heap_1                 0x000002cf   Thumb Code     0  libshutdown2.o(.ARM.Collect$$libshutdown$$0000000F)
    __rt_lib_shutdown_return                 0x000002cf   Thumb Code     0  libshutdown2.o(.ARM.Collect$$libshutdown$$00000010)
    __rt_lib_shutdown_signal_1               0x000002cf   Thumb Code     0  libshutdown2.o(.ARM.Collect$$libshutdown$$0000000A)
    __rt_lib_shutdown_stdio_1                0x000002cf   Thumb Code     0  libshutdown2.o(.ARM.Collect$$libshutdown$$00000004)
    __rt_lib_shutdown_user_alloc_1           0x000002cf   Thumb Code     0  libshutdown2.o(.ARM.Collect$$libshutdown$$0000000C)
    __rt_entry                               0x000002d1   Thumb Code     0  __rtentry.o(.ARM.Collect$$rtentry$$00000000)
    __rt_entry_presh_1                       0x000002d1   Thumb Code     0  __rtentry2.o(.ARM.Collect$$rtentry$$00000002)
    __rt_entry_sh                            0x000002d1   Thumb Code     0  __rtentry4.o(.ARM.Collect$$rtentry$$00000004)
    __rt_entry_li                            0x000002d7   Thumb Code     0  __rtentry2.o(.ARM.Collect$$rtentry$$0000000A)
    __rt_entry_postsh_1                      0x000002d7   Thumb Code     0  __rtentry2.o(.ARM.Collect$$rtentry$$00000009)
    __rt_entry_main                          0x000002db   Thumb Code     0  __rtentry2.o(.ARM.Collect$$rtentry$$0000000D)
    __rt_entry_postli_1                      0x000002db   Thumb Code     0  __rtentry2.o(.ARM.Collect$$rtentry$$0000000C)
    __rt_exit                                0x000002e3   Thumb Code     0  rtexit.o(.ARM.Collect$$rtexit$$00000000)
    __rt_exit_ls                             0x000002e5   Thumb Code     0  rtexit2.o(.ARM.Collect$$rtexit$$00000003)
    __rt_exit_prels_1                        0x000002e5   Thumb Code     0  rtexit2.o(.ARM.Collect$$rtexit$$00000002)
    __rt_exit_exit                           0x000002e9   Thumb Code     0  rtexit2.o(.ARM.Collect$$rtexit$$00000004)
    Reset_Handler                            0x000002f1   Thumb Code     8  startup_tm4c123.o(.text)
    NMI_Handler                              0x000002f9   Thumb Code     2  startup_tm4c123.o(.text)
    HardFault_Handler                        0x000002fb   Thumb Code     2  startup_tm4c123.o(.text)
    MemManage_Handler                        0x000002fd   Thumb Code     2  startup_tm4c123.o(.text)
    BusFault_Handler                         0x000002ff   Thumb Code     2  startup_tm4c123.o(.text)
    UsageFault_Handler                       0x00000301   Thumb Code     2  startup_tm4c123.o(.text)
    SVC_Handler                              0x00000303   Thumb Code     2  startup_tm4c123.o(.text)
    DebugMon_Handler                         0x00000305   Thumb Code     2  startup_tm4c123.o(.text)
    PendSV_Handler                           0x00000307   Thumb Code     2  startup_tm4c123.o(.text)
    SysTick_Handler                          0x00000309   Thumb Code     2  startup_tm4c123.o(.text)
    GPIOA_Handler                            0x0000030b   Thumb Code     2  startup_tm4c123.o(.text)
    GPIOB_Handler                            0x0000030d   Thumb Code     2  startup_tm4c123.o(.text)
    GPIOC_Handler                            0x0000030f   Thumb Code     2  startup_tm4c123.o(.text)
    GPIOD_Handler                            0x00000311   Thumb Code     2  startup_tm4c123.o(.text)
    GPIOE_Handler                            0x00000313   Thumb Code     2  startup_tm4c123.o(.text)
    UART0_Handler                            0x00000315   Thumb Code     2  startup_tm4c123.o(.text)
    UART1_Handler                            0x00000317   Thumb Code     2  startup_tm4c123.o(.text)
    SSI0_Handler                             0x00000319   Thumb Code     2  startup_tm4c123.o(.text)
    I2C0_Handler                             0x0000031b   Thumb Code     2  startup_tm4c123.o(.text)
    PMW0_FAULT_Handler                       0x0000031d   Thumb Code     2  startup_tm4c123.o(.text)
    PWM0_0_Handler                           0x0000031f   Thumb Code     2  startup_tm4c123.o(.text)
    PWM0_1_Handler                           0x00000321   Thumb Code     2  startup_tm4c123.o(.text)
    PWM0_2_Handler                           0x00000323   Thumb Code     2  startup_tm4c123.o(.text)
    QEI0_Handler                             0x00000325   Thumb Code     2  startup_tm4c123.o(.text)
    ADC0SS0_Handler                          0x00000327   Thumb Code     2  startup_tm4c123.o(.text)
    ADC0SS1_Handler                          0x00000329   Thumb Code     2  startup_tm4c123.o(.text)
    ADC0SS2_Handler                          0x0000032b   Thumb Code     2  startup_tm4c123.o(.text)
    ADC0SS3_Handler                          0x0000032d   Thumb Code     2  startup_tm4c123.o(.text)
    WDT0_Handler                             0x0000032f   Thumb Code     2  startup_tm4c123.o(.text)
    TIMER0B_Handler                          0x00000333   Thumb Code     2  startup_tm4c123.o(.text)
    TIMER1B_Handler                          0x00000337   Thumb Code     2  startup_tm4c123.o(.text)
    TIMER2A_Handler                          0x00000339   Thumb Code     2  startup_tm4c123.o(.text)
    TIMER2B_Handler                          0x0000033b   Thumb Code     2  startup_tm4c123.o(.text)
    COMP0_Handler                            0x0000033d   Thumb Code     2  startup_tm4c123.o(.text)
    COMP1_Handler                            0x0000033f   Thumb Code     2  startup_tm4c123.o(.text)
    COMP2_Handler                            0x00000341   Thumb Code     2  startup_tm4c123.o(.text)
    SYSCTL_Handler                           0x00000343   Thumb Code     2  startup_tm4c123.o(.text)
    FLASH_Handler                            0x00000345   Thumb Code     2  startup_tm4c123.o(.text)
    GPIOG_Handler                            0x00000349   Thumb Code     2  startup_tm4c123.o(.text)
    GPIOH_Handler                            0x0000034b   Thumb Code     2  startup_tm4c123.o(.text)
    UART2_Handler                            0x0000034d   Thumb Code     2  startup_tm4c123.o(.text)
    SSI1_Handler                             0x0000034f   Thumb Code     2  startup_tm4c123.o(.text)
    TIMER3A_Handler                          0x00000351   Thumb Code     2  startup_tm4c123.o(.text)
    TIMER3B_Handler                          0x00000353   Thumb Code     2  startup_tm4c123.o(.text)
    I2C1_Handler                             0x00000355   Thumb Code     2  startup_tm4c123.o(.text)
    QEI1_Handler                             0x00000357   Thumb Code     2  startup_tm4c123.o(.text)
    CAN0_Handler                             0x00000359   Thumb Code     2  startup_tm4c123.o(.text)
    CAN1_Handler                             0x0000035b   Thumb Code     2  startup_tm4c123.o(.text)
    CAN2_Handler                             0x0000035d   Thumb Code     2  startup_tm4c123.o(.text)
    HIB_Handler                              0x0000035f   Thumb Code     2  startup_tm4c123.o(.text)
    USB0_Handler                             0x00000361   Thumb Code     2  startup_tm4c123.o(.text)
    PWM0_3_Handler                           0x00000363   Thumb Code     2  startup_tm4c123.o(.text)
    UDMA_Handler                             0x00000365   Thumb Code     2  startup_tm4c123.o(.text)
    UDMAERR_Handler                          0x00000367   Thumb Code     2  startup_tm4c123.o(.text)
    ADC1SS0_Handler                          0x00000369   Thumb Code     2  startup_tm4c123.o(.text)
    ADC1SS1_Handler                          0x0000036b   Thumb Code     2  startup_tm4c123.o(.text)
    ADC1SS2_Handler                          0x0000036d   Thumb Code     2  startup_tm4c123.o(.text)
    ADC1SS3_Handler                          0x0000036f   Thumb Code     2  startup_tm4c123.o(.text)
    GPIOJ_Handler                            0x00000371   Thumb Code     2  startup_tm4c123.o(.text)
    GPIOK_Handler                            0x00000373   Thumb Code     2  startup_tm4c123.o(.text)
    GPIOL_Handler                            0x00000375   Thumb Code     2  startup_tm4c123.o(.text)
    SSI2_Handler                             0x00000377   Thumb Code     2  startup_tm4c123.o(.text)
    SSI3_Handler                             0x00000379   Thumb Code     2  startup_tm4c123.o(.text)
    UART3_Handler                            0x0000037b   Thumb Code     2  startup_tm4c123.o(.text)
    UART4_Handler                            0x0000037d   Thumb Code     2  startup_tm4c123.o(.text)
    UART5_Handler                            0x0000037f   Thumb Code     2  startup_tm4c123.o(.text)
    UART6_Handler                            0x00000381   Thumb Code     2  startup_tm4c123.o(.text)
    UART7_Handler                            0x00000383   Thumb Code     2  startup_tm4c123.o(.text)
    I2C2_Handler                             0x00000385   Thumb Code     2  startup_tm4c123.o(.text)
    I2C3_Handler                             0x00000387   Thumb Code     2  startup_tm4c123.o(.text)
    TIMER4A_Handler                          0x00000389   Thumb Code     2  startup_tm4c123.o(.text)
    TIMER4B_Handler                          0x0000038b   Thumb Code     2  startup_tm4c123.o(.text)
    TIMER5A_Handler                          0x0000038d   Thumb Code     2  startup_tm4c123.o(.text)
    TIMER5B_Handler                          0x0000038f   Thumb Code     2  startup_tm4c123.o(.text)
    WTIMER0A_Handler                         0x00000391   Thumb Code     2  startup_tm4c123.o(.text)
    WTIMER0B_Handler                         0x00000393   Thumb Code     2  startup_tm4c123.o(.text)
    WTIMER1A_Handler                         0x00000395   Thumb Code     2  startup_tm4c123.o(.text)
    WTIMER1B_Handler                         0x00000397   Thumb Code     2  startup_tm4c123.o(.text)
    WTIMER2A_Handler                         0x00000399   Thumb Code     2  startup_tm4c123.o(.text)
    WTIMER2B_Handler                         0x0000039b   Thumb Code     2  startup_tm4c123.o(.text)
    WTIMER3A_Handler                         0x0000039d   Thumb Code     2  startup_tm4c123.o(.text)
    WTIMER3B_Handler                         0x0000039f   Thumb Code     2  startup_tm4c123.o(.text)
    WTIMER4A_Handler                         0x000003a1   Thumb Code     2  startup_tm4c123.o(.text)
    WTIMER4B_Handler                         0x000003a3   Thumb Code     2  startup_tm4c123.o(.text)
    WTIMER5A_Handler                         0x000003a5   Thumb Code     2  startup_tm4c123.o(.text)
    WTIMER5B_Handler                         0x000003a7   Thumb Code     2  startup_tm4c123.o(.text)
    FPU_Handler                              0x000003a9   Thumb Code     2  startup_tm4c123.o(.text)
    I2C4_Handler                             0x000003ab   Thumb Code     2  startup_tm4c123.o(.text)
    I2C5_Handler                             0x000003ad   Thumb Code     2  startup_tm4c123.o(.text)
    GPIOM_Handler                            0x000003af   Thumb Code     2  startup_tm4c123.o(.text)
    GPION_Handler                            0x000003b1   Thumb Code     2  startup_tm4c123.o(.text)
    QEI2_Handler                             0x000003b3   Thumb Code     2  startup_tm4c123.o(.text)
    GPIOP0_Handler                           0x000003b5   Thumb Code     2  startup_tm4c123.o(.text)
    GPIOP1_Handler                           0x000003b7   Thumb Code     2  startup_tm4c123.o(.text)
    GPIOP2_Handler                           0x000003b9   Thumb Code     2  startup_tm4c123.o(.text)
    GPIOP3_Handler                           0x000003bb   Thumb Code     2  startup_tm4c123.o(.text)
    GPIOP4_Handler                           0x000003bd   Thumb Code     2  startup_tm4c123.o(.text)
    GPIOP5_Handler                           0x000003bf   Thumb Code     2  startup_tm4c123.o(.text)
    GPIOP6_Handler                           0x000003c1   Thumb Code     2  startup_tm4c123.o(.text)
    GPIOP7_Handler                           0x000003c3   Thumb Code     2  startup_tm4c123.o(.text)
    GPIOQ0_Handler                           0x000003c5   Thumb Code     2  startup_tm4c123.o(.text)
    GPIOQ1_Handler                           0x000003c7   Thumb Code     2  startup_tm4c123.o(.text)
    GPIOQ2_Handler                           0x000003c9   Thumb Code     2  startup_tm4c123.o(.text)
    GPIOQ3_Handler                           0x000003cb   Thumb Code     2  startup_tm4c123.o(.text)
    GPIOQ4_Handler                           0x000003cd   Thumb Code     2  startup_tm4c123.o(.text)
    GPIOQ5_Handler                           0x000003cf   Thumb Code     2  startup_tm4c123.o(.text)
    GPIOQ6_Handler                           0x000003d1   Thumb Code     2  startup_tm4c123.o(.text)
    GPIOQ7_Handler                           0x000003d3   Thumb Code     2  startup_tm4c123.o(.text)
    GPIOR_Handler                            0x000003d5   Thumb Code     2  startup_tm4c123.o(.text)
    GPIOS_Handler                            0x000003d7   Thumb Code     2  startup_tm4c123.o(.text)
    PMW1_0_Handler                           0x000003d9   Thumb Code     2  startup_tm4c123.o(.text)
    PWM1_1_Handler                           0x000003db   Thumb Code     2  startup_tm4c123.o(.text)
    PWM1_2_Handler                           0x000003dd   Thumb Code     2  startup_tm4c123.o(.text)
    PWM1_3_Handler                           0x000003df   Thumb Code     2  startup_tm4c123.o(.text)
    PWM1_FAULT_Handler                       0x000003e1   Thumb Code     2  startup_tm4c123.o(.text)
    __user_initial_stackheap                 0x000003e5   Thumb Code     0  startup_tm4c123.o(.text)
    __use_two_region_memory                  0x00000405   Thumb Code     2  heapauxi.o(.text)
    __rt_heap_escrow$2region                 0x00000407   Thumb Code     2  heapauxi.o(.text)
    __rt_heap_expand$2region                 0x00000409   Thumb Code     2  heapauxi.o(.text)
    __user_setup_stackheap                   0x0000040b   Thumb Code    74  sys_stackheap_outer.o(.text)
    exit                                     0x00000455   Thumb Code    18  exit.o(.text)
    __user_libspace                          0x00000469   Thumb Code     8  libspace.o(.text)
    __user_perproc_libspace                  0x00000469   Thumb Code     0  libspace.o(.text)
    __user_perthread_libspace                0x00000469   Thumb Code     0  libspace.o(.text)
    _sys_exit                                0x00000471   Thumb Code     8  sys_exit.o(.text)
    __I$use$semihosting                      0x0000047d   Thumb Code     0  use_no_semi.o(.text)
    __use_no_semihosting_swi                 0x0000047d   Thumb Code     2  use_no_semi.o(.text)
    __semihosting_library_function           0x0000047f   Thumb Code     0  indicate_semi.o(.text)
    GET_SWITCH                               0x00000481   Thumb Code   274  switch.o(.text.GET_SWITCH)
    GPIOF_Handler                            0x00000595   Thumb Code    32  gpio.o(.text.GPIOF_Handler)
    GPIO_EnDioPin                            0x000005b5   Thumb Code   490  gpio.o(.text.GPIO_EnDioPin)
    GPIO_EnablePinInterrupt                  0x000007a1   Thumb Code   730  gpio.o(.text.GPIO_EnablePinInterrupt)
    GPIO_GetPinValue                         0x00000b0d   Thumb Code   212  gpio.o(.text.GPIO_GetPinValue)
    GPIO_InitPin                             0x00000be1   Thumb Code   214  gpio.o(.text.GPIO_InitPin)
    GPIO_PORTF_SetCallBack                   0x00000cb9   Thumb Code    20  gpio.o(.text.GPIO_PORTF_SetCallBack)
    GPIO_SetPinCurrent                       0x00000ccd   Thumb Code   724  gpio.o(.text.GPIO_SetPinCurrent)
    GPIO_SetPinDirection                     0x00000fa1   Thumb Code   588  gpio.o(.text.GPIO_SetPinDirection)
    GPIO_SetPinResistance                    0x000011ed   Thumb Code   490  gpio.o(.text.GPIO_SetPinResistance)
    GPIO_SetPinValue                         0x000013d9   Thumb Code   490  gpio.o(.text.GPIO_SetPinValue)
    GPT_Init                                 0x00001655   Thumb Code   832  gpt.o(.text.GPT_Init)
    GPT_timer0_SetCallBack                   0x00001995   Thumb Code    20  gpt.o(.text.GPT_timer0_SetCallBack)
    GPT_timer1_SetCallBack                   0x000019a9   Thumb Code    20  gpt.o(.text.GPT_timer1_SetCallBack)
    IntCtrl_Init                             0x00001b4d   Thumb Code    82  intctrl.o(.text.IntCtrl_Init)
    LED_INIT                                 0x00001d15   Thumb Code   112  led_program.o(.text.LED_INIT)
    LED_OFF                                  0x00001d85   Thumb Code    78  led_program.o(.text.LED_OFF)
    LED_ON                                   0x00001de1   Thumb Code    86  led_program.o(.text.LED_ON)
    SystemInit                               0x00001f79   Thumb Code    18  system_tm4c123.o(.text.SystemInit)
    TIMER0A_Handler                          0x00001f8d   Thumb Code    46  gpt.o(.text.TIMER0A_Handler)
    TIMER1A_Handler                          0x00001fbd   Thumb Code    50  gpt.o(.text.TIMER1A_Handler)
    main                                     0x00001ff1   Thumb Code   324  project_led.o(.text.main)
    _fp_init                                 0x00002135   Thumb Code    26  fpinit.o(x$fpl$fpinit)
    __fplib_config_fpu_vfp                   0x0000214d   Thumb Code     0  fpinit.o(x$fpl$fpinit)
    __fplib_config_pureend_doubles           0x0000214d   Thumb Code     0  fpinit.o(x$fpl$fpinit)
    Region$$Table$$Base                      0x00002150   Number         0  anon$$obj.o(Region$$Table)
    Region$$Table$$Limit                     0x00002160   Number         0  anon$$obj.o(Region$$Table)
    __libspace_start                         0x20000000   Data          96  libspace.o(.bss)
    __temporary_stack_top$libspace           0x20000060   Data           0  libspace.o(.bss)
    GPIO_POINTER_CALLBACK_PORTF              0x2000006c   Data           4  gpio.o(.bss.GPIO_POINTER_CALLBACK_PORTF)



==============================================================================

Memory Map of the image

  Image Entry point : 0x000002f1

  Load Region LR_1 (Base: 0x00000000, Size: 0x00002160, Max: 0xffffffff, ABSOLUTE)

    Execution Region ER_RO (Exec base: 0x00000000, Load base: 0x00000000, Size: 0x00002160, Max: 0xffffffff, ABSOLUTE)

    Exec Addr    Load Addr    Size         Type   Attr      Idx    E Section Name        Object

    0x00000000   0x00000000   0x0000026c   Data   RO          132    RESET               startup_tm4c123.o
    0x0000026c   0x0000026c   0x00000008   Code   RO          157  * !!!main             c_w.l(__main.o)
    0x00000274   0x00000274   0x00000034   Code   RO          322    !!!scatter          c_w.l(__scatter.o)
    0x000002a8   0x000002a8   0x0000001c   Code   RO          324    !!handler_zi        c_w.l(__scatter_zi.o)
    0x000002c4   0x000002c4   0x00000002   Code   RO          184    .ARM.Collect$$libinit$$00000000  c_w.l(libinit.o)
    0x000002c6   0x000002c6   0x00000004   Code   RO          190    .ARM.Collect$$libinit$$00000001  c_w.l(libinit2.o)
    0x000002ca   0x000002ca   0x00000000   Code   RO          193    .ARM.Collect$$libinit$$00000004  c_w.l(libinit2.o)
    0x000002ca   0x000002ca   0x00000000   Code   RO          195    .ARM.Collect$$libinit$$00000006  c_w.l(libinit2.o)
    0x000002ca   0x000002ca   0x00000000   Code   RO          198    .ARM.Collect$$libinit$$0000000C  c_w.l(libinit2.o)
    0x000002ca   0x000002ca   0x00000000   Code   RO          200    .ARM.Collect$$libinit$$0000000E  c_w.l(libinit2.o)
    0x000002ca   0x000002ca   0x00000000   Code   RO          202    .ARM.Collect$$libinit$$00000010  c_w.l(libinit2.o)
    0x000002ca   0x000002ca   0x00000000   Code   RO          205    .ARM.Collect$$libinit$$00000013  c_w.l(libinit2.o)
    0x000002ca   0x000002ca   0x00000000   Code   RO          207    .ARM.Collect$$libinit$$00000015  c_w.l(libinit2.o)
    0x000002ca   0x000002ca   0x00000000   Code   RO          209    .ARM.Collect$$libinit$$00000017  c_w.l(libinit2.o)
    0x000002ca   0x000002ca   0x00000000   Code   RO          211    .ARM.Collect$$libinit$$00000019  c_w.l(libinit2.o)
    0x000002ca   0x000002ca   0x00000000   Code   RO          213    .ARM.Collect$$libinit$$0000001B  c_w.l(libinit2.o)
    0x000002ca   0x000002ca   0x00000000   Code   RO          215    .ARM.Collect$$libinit$$0000001D  c_w.l(libinit2.o)
    0x000002ca   0x000002ca   0x00000000   Code   RO          217    .ARM.Collect$$libinit$$0000001F  c_w.l(libinit2.o)
    0x000002ca   0x000002ca   0x00000000   Code   RO          219    .ARM.Collect$$libinit$$00000021  c_w.l(libinit2.o)
    0x000002ca   0x000002ca   0x00000000   Code   RO          221    .ARM.Collect$$libinit$$00000023  c_w.l(libinit2.o)
    0x000002ca   0x000002ca   0x00000000   Code   RO          223    .ARM.Collect$$libinit$$00000025  c_w.l(libinit2.o)
    0x000002ca   0x000002ca   0x00000000   Code   RO          225    .ARM.Collect$$libinit$$00000027  c_w.l(libinit2.o)
    0x000002ca   0x000002ca   0x00000000   Code   RO          229    .ARM.Collect$$libinit$$0000002E  c_w.l(libinit2.o)
    0x000002ca   0x000002ca   0x00000000   Code   RO          231    .ARM.Collect$$libinit$$00000030  c_w.l(libinit2.o)
    0x000002ca   0x000002ca   0x00000000   Code   RO          233    .ARM.Collect$$libinit$$00000032  c_w.l(libinit2.o)
    0x000002ca   0x000002ca   0x00000000   Code   RO          235    .ARM.Collect$$libinit$$00000034  c_w.l(libinit2.o)
    0x000002ca   0x000002ca   0x00000002   Code   RO          236    .ARM.Collect$$libinit$$00000035  c_w.l(libinit2.o)
    0x000002cc   0x000002cc   0x00000002   Code   RO          258    .ARM.Collect$$libshutdown$$00000000  c_w.l(libshutdown.o)
    0x000002ce   0x000002ce   0x00000000   Code   RO          273    .ARM.Collect$$libshutdown$$00000002  c_w.l(libshutdown2.o)
    0x000002ce   0x000002ce   0x00000000   Code   RO          275    .ARM.Collect$$libshutdown$$00000004  c_w.l(libshutdown2.o)
    0x000002ce   0x000002ce   0x00000000   Code   RO          278    .ARM.Collect$$libshutdown$$00000007  c_w.l(libshutdown2.o)
    0x000002ce   0x000002ce   0x00000000   Code   RO          281    .ARM.Collect$$libshutdown$$0000000A  c_w.l(libshutdown2.o)
    0x000002ce   0x000002ce   0x00000000   Code   RO          283    .ARM.Collect$$libshutdown$$0000000C  c_w.l(libshutdown2.o)
    0x000002ce   0x000002ce   0x00000000   Code   RO          286    .ARM.Collect$$libshutdown$$0000000F  c_w.l(libshutdown2.o)
    0x000002ce   0x000002ce   0x00000002   Code   RO          287    .ARM.Collect$$libshutdown$$00000010  c_w.l(libshutdown2.o)
    0x000002d0   0x000002d0   0x00000000   Code   RO          159    .ARM.Collect$$rtentry$$00000000  c_w.l(__rtentry.o)
    0x000002d0   0x000002d0   0x00000000   Code   RO          161    .ARM.Collect$$rtentry$$00000002  c_w.l(__rtentry2.o)
    0x000002d0   0x000002d0   0x00000006   Code   RO          173    .ARM.Collect$$rtentry$$00000004  c_w.l(__rtentry4.o)
    0x000002d6   0x000002d6   0x00000000   Code   RO          163    .ARM.Collect$$rtentry$$00000009  c_w.l(__rtentry2.o)
    0x000002d6   0x000002d6   0x00000004   Code   RO          164    .ARM.Collect$$rtentry$$0000000A  c_w.l(__rtentry2.o)
    0x000002da   0x000002da   0x00000000   Code   RO          166    .ARM.Collect$$rtentry$$0000000C  c_w.l(__rtentry2.o)
    0x000002da   0x000002da   0x00000008   Code   RO          167    .ARM.Collect$$rtentry$$0000000D  c_w.l(__rtentry2.o)
    0x000002e2   0x000002e2   0x00000002   Code   RO          188    .ARM.Collect$$rtexit$$00000000  c_w.l(rtexit.o)
    0x000002e4   0x000002e4   0x00000000   Code   RO          238    .ARM.Collect$$rtexit$$00000002  c_w.l(rtexit2.o)
    0x000002e4   0x000002e4   0x00000004   Code   RO          239    .ARM.Collect$$rtexit$$00000003  c_w.l(rtexit2.o)
    0x000002e8   0x000002e8   0x00000006   Code   RO          240    .ARM.Collect$$rtexit$$00000004  c_w.l(rtexit2.o)
    0x000002ee   0x000002ee   0x00000002   PAD
    0x000002f0   0x000002f0   0x00000114   Code   RO          133  * .text               startup_tm4c123.o
    0x00000404   0x00000404   0x00000006   Code   RO          155    .text               c_w.l(heapauxi.o)
    0x0000040a   0x0000040a   0x0000004a   Code   RO          175    .text               c_w.l(sys_stackheap_outer.o)
    0x00000454   0x00000454   0x00000012   Code   RO          177    .text               c_w.l(exit.o)
    0x00000466   0x00000466   0x00000002   PAD
    0x00000468   0x00000468   0x00000008   Code   RO          185    .text               c_w.l(libspace.o)
    0x00000470   0x00000470   0x0000000c   Code   RO          248    .text               c_w.l(sys_exit.o)
    0x0000047c   0x0000047c   0x00000002   Code   RO          263    .text               c_w.l(use_no_semi.o)
    0x0000047e   0x0000047e   0x00000000   Code   RO          265    .text               c_w.l(indicate_semi.o)
    0x0000047e   0x0000047e   0x00000002   PAD
    0x00000480   0x00000480   0x00000112   Code   RO          122    .text.GET_SWITCH    switch.o
    0x00000592   0x00000592   0x00000002   PAD
    0x00000594   0x00000594   0x00000020   Code   RO           41    .text.GPIOF_Handler  gpio.o
    0x000005b4   0x000005b4   0x000001ea   Code   RO           33    .text.GPIO_EnDioPin  gpio.o
    0x0000079e   0x0000079e   0x00000002   PAD
    0x000007a0   0x000007a0   0x000002da   Code   RO           37    .text.GPIO_EnablePinInterrupt  gpio.o
    0x00000a7a   0x00000a7a   0x00000002   PAD
    0x00000a7c   0x00000a7c   0x00000090   Code   RO            9    .text.GPIO_Enable_Clock  gpio.o
    0x00000b0c   0x00000b0c   0x000000d4   Code   RO           27    .text.GPIO_GetPinValue  gpio.o
    0x00000be0   0x00000be0   0x000000d6   Code   RO           35    .text.GPIO_InitPin  gpio.o
    0x00000cb6   0x00000cb6   0x00000002   PAD
    0x00000cb8   0x00000cb8   0x00000014   Code   RO           39    .text.GPIO_PORTF_SetCallBack  gpio.o
    0x00000ccc   0x00000ccc   0x000002d4   Code   RO           31    .text.GPIO_SetPinCurrent  gpio.o
    0x00000fa0   0x00000fa0   0x0000024c   Code   RO           23    .text.GPIO_SetPinDirection  gpio.o
    0x000011ec   0x000011ec   0x000001ea   Code   RO           29    .text.GPIO_SetPinResistance  gpio.o
    0x000013d6   0x000013d6   0x00000002   PAD
    0x000013d8   0x000013d8   0x000001ea   Code   RO           25    .text.GPIO_SetPinValue  gpio.o
    0x000015c2   0x000015c2   0x00000002   PAD
    0x000015c4   0x000015c4   0x0000008e   Code   RO            7    .text.GPIO_Set_Bus_Type  gpio.o
    0x00001652   0x00001652   0x00000002   PAD
    0x00001654   0x00001654   0x00000340   Code   RO           54    .text.GPT_Init      gpt.o
    0x00001994   0x00001994   0x00000014   Code   RO           58    .text.GPT_timer0_SetCallBack  gpt.o
    0x000019a8   0x000019a8   0x00000014   Code   RO           56    .text.GPT_timer1_SetCallBack  gpt.o
    0x000019bc   0x000019bc   0x0000018e   Code   RO           79    .text.IntCtrl_EnableInterrupt  intctrl.o
    0x00001b4a   0x00001b4a   0x00000002   PAD
    0x00001b4c   0x00001b4c   0x00000052   Code   RO           73    .text.IntCtrl_Init  intctrl.o
    0x00001b9e   0x00001b9e   0x00000002   PAD
    0x00001ba0   0x00001ba0   0x00000174   Code   RO           77    .text.IntCtrl_SetPriority  intctrl.o
    0x00001d14   0x00001d14   0x00000070   Code   RO          107    .text.LED_INIT      led_program.o
    0x00001d84   0x00001d84   0x0000004e   Code   RO          111    .text.LED_OFF       led_program.o
    0x00001dd2   0x00001dd2   0x00000002   PAD
    0x00001dd4   0x00001dd4   0x0000000a   Code   RO           92    .text.LED_OFF_FUNC  project_led.o
    0x00001dde   0x00001dde   0x00000002   PAD
    0x00001de0   0x00001de0   0x00000056   Code   RO          109    .text.LED_ON        led_program.o
    0x00001e36   0x00001e36   0x00000002   PAD
    0x00001e38   0x00001e38   0x0000000a   Code   RO           94    .text.LED_ON_FUNC   project_led.o
    0x00001e42   0x00001e42   0x00000002   PAD
    0x00001e44   0x00001e44   0x000000f2   Code   RO           90    .text.SWITCHFunc    project_led.o
    0x00001f36   0x00001f36   0x00000002   PAD
    0x00001f38   0x00001f38   0x00000040   Code   RO           75    .text.SetPriorityGroup  intctrl.o
    0x00001f78   0x00001f78   0x00000012   Code   RO          144    .text.SystemInit    system_tm4c123.o
    0x00001f8a   0x00001f8a   0x00000002   PAD
    0x00001f8c   0x00001f8c   0x0000002e   Code   RO           62    .text.TIMER0A_Handler  gpt.o
    0x00001fba   0x00001fba   0x00000002   PAD
    0x00001fbc   0x00001fbc   0x00000032   Code   RO           60    .text.TIMER1A_Handler  gpt.o
    0x00001fee   0x00001fee   0x00000002   PAD
    0x00001ff0   0x00001ff0   0x00000144   Code   RO           88    .text.main          project_led.o
    0x00002134   0x00002134   0x0000001a   Code   RO          246    x$fpl$fpinit        fz_wm.l(fpinit.o)
    0x0000214e   0x0000214e   0x00000002   PAD
    0x00002150   0x00002150   0x00000010   Data   RO          321    Region$$Table       anon$$obj.o


    Execution Region ER_RW (Exec base: 0x20000000, Load base: 0x00002160, Size: 0x00000000, Max: 0xffffffff, ABSOLUTE)

    **** No section assigned to this execution region ****


    Execution Region ER_ZI (Exec base: 0x20000000, Load base: 0x00002160, Size: 0x00000280, Max: 0xffffffff, ABSOLUTE)

    Exec Addr    Load Addr    Size         Type   Attr      Idx    E Section Name        Object

    0x20000000        -       0x00000060   Zero   RW          186    .bss                c_w.l(libspace.o)
    0x20000060        -       0x00000004   Zero   RW           97    .bss.DesiredOffTime  project_led.o
    0x20000064        -       0x00000004   Zero   RW           96    .bss.DesiredOnTime  project_led.o
    0x20000068        -       0x00000001   Zero   RW          124    .bss.GET_SWITCH.SwitchValue  switch.o
    0x20000069        -       0x00000001   Zero   RW           44    .bss.GPIO_GetPinValue.PinValue  gpio.o
    0x2000006a   0x00002160   0x00000002   PAD
    0x2000006c        -       0x00000004   Zero   RW           43    .bss.GPIO_POINTER_CALLBACK_PORTF  gpio.o
    0x20000070        -       0x00000004   Zero   RW           65    .bss.GPT_POINTER_CALLBACK_T0  gpt.o
    0x20000074        -       0x00000004   Zero   RW           64    .bss.GPT_POINTER_CALLBACK_T1  gpt.o
    0x20000078        -       0x00000001   Zero   RW           98    .bss.SWITCHFunc.switch_triger  project_led.o
    0x20000079   0x00002160   0x00000007   PAD
    0x20000080        -       0x00000000   Zero   RW          131    HEAP                startup_tm4c123.o
    0x20000080        -       0x00000200   Zero   RW          130    STACK               startup_tm4c123.o


==============================================================================

Image component sizes


      Code (inc. data)   RO Data    RW Data    ZI Data      Debug   Object Name

      4276         70          0          0          5       7323   gpio.o
       968         12          0          0          8       2344   gpt.o
       916         12          0          0          0       3445   intctrl.o
       276          0          0          0          0       1187   led_program.o
       586          0          0          0          9       2863   project_led.o
       276         24        620          0        512       5464   startup_tm4c123.o
       274          0          0          0          1        772   switch.o
        18          0          0          0          0       6602   system_tm4c123.o

    ----------------------------------------------------------------------
      7624        118        636          0        544      30000   Object Totals
         0          0         16          0          0          0   (incl. Generated)
        34          0          0          0          9          0   (incl. Padding)

    ----------------------------------------------------------------------

      Code (inc. data)   RO Data    RW Data    ZI Data      Debug   Library Member Name

         8          0          0          0          0         68   __main.o
         0          0          0          0          0          0   __rtentry.o
        12          0          0          0          0          0   __rtentry2.o
         6          0          0          0          0          0   __rtentry4.o
        52          8          0          0          0          0   __scatter.o
        28          0          0          0          0          0   __scatter_zi.o
        18          0          0          0          0         80   exit.o
         6          0          0          0          0        152   heapauxi.o
         0          0          0          0          0          0   indicate_semi.o
         2          0          0          0          0          0   libinit.o
         6          0          0          0          0          0   libinit2.o
         2          0          0          0          0          0   libshutdown.o
         2          0          0          0          0          0   libshutdown2.o
         8          4          0          0         96         68   libspace.o
         2          0          0          0          0          0   rtexit.o
        10          0          0          0          0          0   rtexit2.o
        12          4          0          0          0         68   sys_exit.o
        74          0          0          0          0         80   sys_stackheap_outer.o
         2          0          0          0          0         68   use_no_semi.o
        26          0          0          0          0        116   fpinit.o

    ----------------------------------------------------------------------
       284         16          0          0         96        700   Library Totals
         8          0          0          0          0          0   (incl. Padding)

    ----------------------------------------------------------------------

      Code (inc. data)   RO Data    RW Data    ZI Data      Debug   Library Name

       250         16          0          0         96        584   c_w.l
        26          0          0          0          0        116   fz_wm.l

    ----------------------------------------------------------------------
       284         16          0          0         96        700   Library Totals

    ----------------------------------------------------------------------

==============================================================================


      Code (inc. data)   RO Data    RW Data    ZI Data      Debug   

      7908        134        636          0        640      30356   Grand Totals
      7908        134        636          0        640      30356   ELF Image Totals
      7908        134        636          0          0          0   ROM Totals

==============================================================================

    Total RO  Size (Code + RO Data)                 8544 (   8.34kB)
    Total RW  Size (RW Data + ZI Data)               640 (   0.62kB)
    Total ROM Size (Code + RO Data + RW Data)       8544 (   8.34kB)

==============================================================================

